[tests]
enabled = ["run"]

[run]
returncode = "1"
stderr = """
error: Unexpected loop control statement

3:          break
            ^^^^^
"""
