[tests]
enabled = ["run"]

["run.exec"]
returncode = "1"
stderr = """
error: using non-local variable 'Z' in compiled code is not supported.

Try executing your program using 'rstarc run --interpret <program>' instead

11:      Say Z
             ^
"""

["run.interpret"]
returncode = "0"
stdout = """
invoking function
x
1
y
mysterious
z
1

incrementing within function
x
2
y
NaN
z
2

checking globals
x
1
y
1
z
2
"""
