[tests]
enabled = ["run"]

["run.exec"]
returncode = "1"
stderr = """
error: using non-local variable 'Z' in compiled code is not supported.

Try executing your program using 'rstarc run --interpret <program>' instead

3:          If Z is not mysterious
               ^
"""

["run.interpret"]
returncode = "0"
stdout = """
mysterious
100
300
600
"""
