[tests]
enabled = ["run"]

[run]
returncode = "0"
