[tests]
enabled = ["run"]

["run.exec"]
returncode = "0"
stdout = """
! FALSE: string(0) <= string(0)
! FALSE: string(0) >= string(0)
! FALSE: string(0) > string(.0)
! FALSE: string(0) >= string(.0)
! FALSE: string(0) < string(yes)
! FALSE: string(0) <= string(yes)
! FALSE: string(0) < string(no)
! FALSE: string(0) <= string(no)
! FALSE: string(0) < string(null)
! FALSE: string(0) <= string(null)
! FALSE: string(0) < string(other)
! FALSE: string(0) <= string(other)
! FALSE: string(0) <= 0
! FALSE: string(0) >= 0
! FALSE: string(0) is 0
! TRUE: string(0) isnt 0
! FALSE: string(0) < 10
! FALSE: string(0) <= 10
! FALSE: string(.0) < string(0)
! FALSE: string(.0) <= string(0)
! FALSE: string(.0) <= string(.0)
! FALSE: string(.0) >= string(.0)
! FALSE: string(.0) < string(yes)
! FALSE: string(.0) <= string(yes)
! FALSE: string(.0) < string(no)
! FALSE: string(.0) <= string(no)
! FALSE: string(.0) < string(null)
! FALSE: string(.0) <= string(null)
! FALSE: string(.0) < string(other)
! FALSE: string(.0) <= string(other)
! FALSE: string(.0) <= 0
! FALSE: string(.0) >= 0
! FALSE: string(.0) is 0
! TRUE: string(.0) isnt 0
! FALSE: string(.0) < 10
! FALSE: string(.0) <= 10
! FALSE: string(yes) > string(0)
! FALSE: string(yes) >= string(0)
! FALSE: string(yes) > string(.0)
! FALSE: string(yes) >= string(.0)
! FALSE: string(yes) <= string(yes)
! FALSE: string(yes) >= string(yes)
! FALSE: string(yes) > string(no)
! FALSE: string(yes) >= string(no)
! FALSE: string(yes) > string(null)
! FALSE: string(yes) >= string(null)
! FALSE: string(yes) > string(other)
! FALSE: string(yes) >= string(other)
! FALSE: string(yes) <= true
! FALSE: string(yes) >= true
! FALSE: string(yes) is true
! TRUE: string(yes) isnt true
! FALSE: string(yes) > false
! FALSE: string(yes) >= false
! FALSE: string(no) > string(0)
! FALSE: string(no) >= string(0)
! FALSE: string(no) > string(.0)
! FALSE: string(no) >= string(.0)
! FALSE: string(no) < string(yes)
! FALSE: string(no) <= string(yes)
! FALSE: string(no) <= string(no)
! FALSE: string(no) >= string(no)
! FALSE: string(no) < string(null)
! FALSE: string(no) <= string(null)
! FALSE: string(no) < string(other)
! FALSE: string(no) <= string(other)
! FALSE: string(no) < true
! FALSE: string(no) <= true
! FALSE: string(no) <= false
! FALSE: string(no) >= false
! FALSE: string(no) is false
! TRUE: string(no) isnt false
! FALSE: string(null) > string(0)
! FALSE: string(null) >= string(0)
! FALSE: string(null) > string(.0)
! FALSE: string(null) >= string(.0)
! FALSE: string(null) < string(yes)
! FALSE: string(null) <= string(yes)
! FALSE: string(null) > string(no)
! FALSE: string(null) >= string(no)
! FALSE: string(null) <= string(null)
! FALSE: string(null) >= string(null)
! FALSE: string(null) < string(other)
! FALSE: string(null) <= string(other)
! FALSE: string(null) <= null
! FALSE: string(null) >= null
! FALSE: string(null) is null
! TRUE: string(null) isnt null
! FALSE: string(other) > string(0)
! FALSE: string(other) >= string(0)
! FALSE: string(other) > string(.0)
! FALSE: string(other) >= string(.0)
! FALSE: string(other) < string(yes)
! FALSE: string(other) <= string(yes)
! FALSE: string(other) > string(no)
! FALSE: string(other) >= string(no)
! FALSE: string(other) > string(null)
! FALSE: string(other) >= string(null)
! FALSE: string(other) <= string(other)
! FALSE: string(other) >= string(other)
! FALSE: 0 <= string(0)
! FALSE: 0 >= string(0)
! FALSE: 0 is string(0)
! TRUE: 0 isnt string(0)
! FALSE: 0 <= string(.0)
! FALSE: 0 >= string(.0)
! FALSE: 0 is string(.0)
! TRUE: 0 isnt string(.0)
! FALSE: 10 > string(0)
! FALSE: 10 >= string(0)
! FALSE: 10 > string(.0)
! FALSE: 10 >= string(.0)
! FALSE: 10 <= true
! TRUE: 10 > true
! FALSE: 10 is true
! TRUE: 10 isnt true
! TRUE: 10 > null
! TRUE: 10 >= null
! FALSE: NaN <= true
! FALSE: NaN >= true
! FALSE: NaN is true
! TRUE: NaN isnt true
! FALSE: NaN > false
! FALSE: NaN >= false
! FALSE: true <= string(yes)
! FALSE: true >= string(yes)
! FALSE: true is string(yes)
! TRUE: true isnt string(yes)
! FALSE: true > string(no)
! FALSE: true >= string(no)
! TRUE: true < 10
! FALSE: true >= 10
! FALSE: true is 10
! TRUE: true isnt 10
! FALSE: true <= NaN
! FALSE: true >= NaN
! FALSE: true is NaN
! TRUE: true isnt NaN
! TRUE: true > null
! TRUE: true >= null
! FALSE: false < string(yes)
! FALSE: false <= string(yes)
! FALSE: false <= string(no)
! FALSE: false >= string(no)
! FALSE: false is string(no)
! TRUE: false isnt string(no)
! FALSE: false < NaN
! FALSE: false <= NaN
! FALSE: null <= string(null)
! FALSE: null >= string(null)
! FALSE: null is string(null)
! TRUE: null isnt string(null)
! TRUE: null < 10
! TRUE: null <= 10
! TRUE: null < true
! TRUE: null <= true
! FALSE: mysterious <= mysterious
! FALSE: mysterious >= mysterious
"""

["run.interpret"]
returncode = "0"
